
=== 17:22:01 setup (run=20261007T172201) ===
 Container rp1-kafka-exporter-1  Stopping
 Container rp1-toxiproxy-1  Stopping
 Container rp1-grafana-1  Stopping
 Container rp1-postgres-1  Stopping
 Container rp1-kafka-exporter-1  Stopped
 Container rp1-kafka-exporter-1  Removing
 Container rp1-kafka-exporter-1  Removed
 Container rp1-kafka-init-1  Stopping
 Container rp1-kafka-init-1  Stopped
 Container rp1-kafka-init-1  Removing
 Container rp1-kafka-init-1  Removed
 Container rp1-kafka-1-1  Stopping
 Container rp1-kafka-3-1  Stopping
 Container rp1-kafka-2-1  Stopping
 Container rp1-postgres-1  Stopped
 Container rp1-postgres-1  Removing
 Container rp1-grafana-1  Stopped
 Container rp1-grafana-1  Removing
 Container rp1-grafana-1  Removed
 Container rp1-prometheus-1  Stopping
 Container rp1-postgres-1  Removed
 Container rp1-toxiproxy-1  Stopped
 Container rp1-toxiproxy-1  Removing
 Container rp1-toxiproxy-1  Removed
 Container rp1-prometheus-1  Stopped
 Container rp1-prometheus-1  Removing
 Container rp1-prometheus-1  Removed
 Container rp1-kafka-1-1  Stopped
 Container rp1-kafka-1-1  Removing
 Container rp1-kafka-1-1  Removed
 Container rp1-kafka-2-1  Stopped
 Container rp1-kafka-2-1  Removing
 Container rp1-kafka-2-1  Removed
 Container rp1-kafka-3-1  Stopped
 Container rp1-kafka-3-1  Removing
 Container rp1-kafka-3-1  Removed
 Volume rp1_pgdata  Removing
 Network rp1_default  Removing
 Volume rp1_pgdata  Removed
 Network rp1_default  Removed
 Network rp1_default  Creating
 Network rp1_default  Created
 Volume "rp1_pgdata"  Creating
 Volume "rp1_pgdata"  Created
 Container rp1-postgres-1  Creating
 Container rp1-kafka-2-1  Creating
 Container rp1-toxiproxy-1  Creating
 Container rp1-kafka-1-1  Creating
 Container rp1-prometheus-1  Creating
 Container rp1-kafka-3-1  Creating
 Container rp1-toxiproxy-1  Created
 Container rp1-prometheus-1  Created
 Container rp1-grafana-1  Creating
 Container rp1-postgres-1  Created
 Container rp1-kafka-2-1  Created
 Container rp1-kafka-1-1  Created
 Container rp1-kafka-3-1  Created
 Container rp1-kafka-init-1  Creating
 Container rp1-grafana-1  Created
 Container rp1-kafka-init-1  Created
 Container rp1-kafka-exporter-1  Creating
 Container rp1-kafka-exporter-1  Created
 Container rp1-kafka-1-1  Starting
 Container rp1-postgres-1  Starting
 Container rp1-kafka-3-1  Starting
 Container rp1-kafka-2-1  Starting
 Container rp1-toxiproxy-1  Starting
 Container rp1-prometheus-1  Starting
 Container rp1-postgres-1  Started
 Container rp1-kafka-3-1  Started
 Container rp1-toxiproxy-1  Started
 Container rp1-prometheus-1  Started
 Container rp1-prometheus-1  Waiting
 Container rp1-kafka-1-1  Started
 Container rp1-kafka-2-1  Started
 Container rp1-kafka-1-1  Waiting
 Container rp1-kafka-2-1  Waiting
 Container rp1-kafka-3-1  Waiting
 Container rp1-prometheus-1  Healthy
 Container rp1-grafana-1  Starting
 Container rp1-grafana-1  Started
 Container rp1-kafka-2-1  Healthy
 Container rp1-kafka-1-1  Healthy
 Container rp1-kafka-3-1  Healthy
 Container rp1-kafka-init-1  Starting
 Container rp1-kafka-init-1  Started
 Container rp1-kafka-init-1  Waiting
 Container rp1-kafka-init-1  Exited
 Container rp1-kafka-exporter-1  Starting
 Container rp1-kafka-exporter-1  Started
 Container rp1-kafka-exporter-1  Waiting
 Container rp1-prometheus-1  Waiting
 Container rp1-toxiproxy-1  Waiting
 Container rp1-postgres-1  Waiting
 Container rp1-kafka-init-1  Waiting
 Container rp1-grafana-1  Waiting
 Container rp1-kafka-1-1  Waiting
 Container rp1-kafka-2-1  Waiting
 Container rp1-kafka-3-1  Waiting
 Container rp1-prometheus-1  Healthy
 Container rp1-toxiproxy-1  Healthy
 Container rp1-kafka-exporter-1  Healthy
 Container rp1-postgres-1  Healthy
 Container rp1-grafana-1  Healthy
 Container rp1-kafka-3-1  Healthy
 Container rp1-kafka-1-1  Healthy
 Container rp1-kafka-2-1  Healthy
 Container rp1-kafka-init-1  Exited
Docker version 27.5.1, build 9f9e405
2.32.4-desktop.1
grafana	grafana/grafana:11.2.0	Up 13 seconds (healthy)
kafka-1	apache/kafka:3.9.0	Up 19 seconds (healthy)
kafka-2	apache/kafka:3.9.0	Up 19 seconds (healthy)
kafka-3	apache/kafka:3.9.0	Up 19 seconds (healthy)
kafka-exporter	danielqsj/kafka-exporter:v1.8.0	Up 3 seconds
postgres	postgres:16.4-alpine	Up 19 seconds (healthy)
prometheus	prom/prometheus:v2.54.1	Up 19 seconds (healthy)
toxiproxy	ghcr.io/shopify/toxiproxy:2.9.0	Up 19 seconds (healthy)

=== 17:22:35 1. topic + broker durability config ===
Topic: callback-events	TopicId: loBPbGWmSDawQH2kppiZ_A	PartitionCount: 12	ReplicationFactor: 3	Configs: min.insync.replicas=2,retention.ms=604800000,unclean.leader.election.enable=false
  -> PASS: callback-events      12p RF3 minISR2 unclean=false, all ISR=3
Topic: callback-events-dlt	TopicId: Bq-JYrbdT2WeXzqi7up6Bw	PartitionCount: 3	ReplicationFactor: 3	Configs: min.insync.replicas=2,retention.ms=1209600000,unclean.leader.election.enable=false
  -> PASS: callback-events-dlt   3p RF3 minISR2 unclean=false, all ISR=3
Topic: invalid-events	TopicId: 0GlK_5JbT_KFGO4D4XwjtQ	PartitionCount: 3	ReplicationFactor: 3	Configs: min.insync.replicas=2,retention.ms=1209600000,unclean.leader.election.enable=false
  -> PASS: invalid-events        3p RF3 minISR2 unclean=false, all ISR=3
Topic: stage1-gate	TopicId: RzXLaVlyQbSvFTAPUioMFA	PartitionCount: 12	ReplicationFactor: 3	Configs: min.insync.replicas=2,retention.ms=86400000,unclean.leader.election.enable=false
  -> PASS: stage1-gate          12p RF3 minISR2 unclean=false, all ISR=3
brokers 1-3: min.insync.replicas=2 default.replication.factor=3 unclean=false auto.create=false offsets RF=3
  -> PASS: broker defaults on all 3 brokers

=== 17:23:09 2. baseline: 1000 x acks=all via Toxiproxy, all brokers up ===
[produce] phase=A-baseline topic=stage1-gate count=1000 rate=max expect=all-acked acks=all idempotence=true retries=2147483647 request.timeout.ms=10000 delivery.timeout.ms=60000 bootstrap=localhost:39092,localhost:39093,localhost:39094
[produce] phase=A-baseline acked=1000 failed=0 elapsed=804ms ack-latency p50=287.8ms p99=299.4ms max=519.3ms
[produce]   last-ack-epoch-ms=1791418990107
[produce] phase=A-baseline expect=all-acked -> PASS
  -> PASS: baseline all acked

=== 17:23:10 3. prove client traffic flows through Toxiproxy ===
[produce] phase=B-latency300 topic=stage1-gate count=50 rate=max expect=all-acked acks=all idempotence=true retries=2147483647 request.timeout.ms=10000 delivery.timeout.ms=60000 bootstrap=localhost:39092,localhost:39093,localhost:39094
[produce] phase=B-latency300 acked=50 failed=0 elapsed=1732ms ack-latency p50=640.1ms p99=1486.9ms max=1486.9ms
[produce]   last-ack-epoch-ms=1791418992019
[produce] phase=B-latency300 expect=all-acked -> PASS
p50=640ms (expect >= 300ms injected)
  -> PASS: 300ms latency toxic shows up in ack latency
[produce] phase=C-proxies-down topic=stage1-gate count=5 rate=max expect=all-failed acks=all idempotence=true retries=2147483647 request.timeout.ms=2000 delivery.timeout.ms=5000 bootstrap=localhost:39092,localhost:39093,localhost:39094
[produce] phase=C-proxies-down acked=0 failed=5 elapsed=15288ms ack-latency p50=3006.5ms p99=3007.3ms max=3007.3ms
[produce]   error x5  TimeoutException: Topic stage1-gate not present in metadata after 3000 ms.
[produce] phase=C-proxies-down expect=all-failed -> PASS
  -> PASS: all proxies disabled -> every send fails (no bypass path)

=== 17:23:27 4. SIGKILL kafka-2 while producing 6000 msgs at 600/s ===
17:23:30 docker kill -s SIGKILL kafka-2
 Container rp1-kafka-2-1  Killing
 Container rp1-kafka-2-1  Killed
kafka-2 exited at epoch-ms=1791419014100 (docker State.FinishedAt)
[produce] phase=D-kill-mid-run topic=stage1-gate count=6000 rate=600/s expect=all-acked acks=all idempotence=true retries=2147483647 request.timeout.ms=10000 delivery.timeout.ms=60000 bootstrap=localhost:39092,localhost:39093,localhost:39094
[produce] phase=D-kill-mid-run acked=6000 failed=0 elapsed=14934ms ack-latency p50=188.4ms p99=8503.4ms max=8661.9ms
[produce]   last-ack-epoch-ms=1791419022745
[produce] phase=D-kill-mid-run expect=all-acked -> PASS
  -> PASS: broker killed mid-run: every acks=all send still acked

=== 17:23:42 4b. cluster state with kafka-2 down ===
	Topic: stage1-gate	Partition: 0	Leader: 3	Replicas: 2,3,1	Isr: 3,1	Elr: 	LastKnownElr: 
	Topic: stage1-gate	Partition: 1	Leader: 3	Replicas: 3,1,2	Isr: 3,1	Elr: 	LastKnownElr: 
	Topic: stage1-gate	Partition: 2	Leader: 1	Replicas: 1,2,3	Isr: 1,3	Elr: 	LastKnownElr: 
	Topic: stage1-gate	Partition: 3	Leader: 1	Replicas: 1,2,3	Isr: 1,3	Elr: 	LastKnownElr: 
	Topic: stage1-gate	Partition: 4	Leader: 3	Replicas: 2,3,1	Isr: 3,1	Elr: 	LastKnownElr: 
	Topic: stage1-gate	Partition: 5	Leader: 3	Replicas: 3,1,2	Isr: 3,1	Elr: 	LastKnownElr: 
	Topic: stage1-gate	Partition: 6	Leader: 3	Replicas: 2,3,1	Isr: 3,1	Elr: 	LastKnownElr: 
	Topic: stage1-gate	Partition: 7	Leader: 3	Replicas: 3,1,2	Isr: 3,1	Elr: 	LastKnownElr: 
	Topic: stage1-gate	Partition: 8	Leader: 1	Replicas: 1,2,3	Isr: 1,3	Elr: 	LastKnownElr: 
	Topic: stage1-gate	Partition: 9	Leader: 3	Replicas: 3,1,2	Isr: 3,1	Elr: 	LastKnownElr: 
	Topic: stage1-gate	Partition: 10	Leader: 1	Replicas: 1,2,3	Isr: 1,3	Elr: 	LastKnownElr: 
	Topic: stage1-gate	Partition: 11	Leader: 3	Replicas: 2,3,1	Isr: 3,1	Elr: 	LastKnownElr: 
  -> PASS: kafka-2 fenced: no partition led by it, removed from every ISR

=== 17:23:55 5. steady state with 1 of 3 brokers down: 1000 x acks=all ===
[produce] phase=E-degraded topic=stage1-gate count=1000 rate=max expect=all-acked acks=all idempotence=true retries=2147483647 request.timeout.ms=10000 delivery.timeout.ms=60000 bootstrap=localhost:39092,localhost:39093,localhost:39094
[produce] phase=E-degraded acked=1000 failed=0 elapsed=736ms ack-latency p50=131.4ms p99=142.7ms max=469.5ms
[produce]   last-ack-epoch-ms=1791419035969
[produce] phase=E-degraded expect=all-acked -> PASS
  -> PASS: degraded cluster (2/3) still accepts acks=all

=== 17:23:55 6. min ISR is enforced: topic with min.insync.replicas=3, one broker down ===
[produce] phase=F-minisr3 topic=stage1-gate-minisr3 count=20 rate=max expect=all-failed acks=all idempotence=false retries=0 request.timeout.ms=3000 delivery.timeout.ms=5000 bootstrap=localhost:39092,localhost:39093,localhost:39094
[produce] phase=F-minisr3 acked=0 failed=20 elapsed=526ms ack-latency p50=43.0ms p99=283.8ms max=283.8ms
[produce]   error x20  NotEnoughReplicasException: Messages are rejected since there are fewer in-sync replicas than required.
[produce] phase=F-minisr3 expect=all-failed -> PASS
  -> PASS: acks=all rejected with NotEnoughReplicas when ISR < min ISR

=== 17:23:56 7. warm producer running, SIGKILL kafka-3 too (1 of 3 alive, KRaft quorum lost): no ack after the kill ===
17:27:05 docker kill -s SIGKILL kafka-3
 Container rp1-kafka-3-1  Killing
 Container rp1-kafka-3-1  Killed
[produce] phase=G-two-down-warm topic=stage1-gate count=2000 rate=100/s expect=any acks=all idempotence=true retries=2147483647 request.timeout.ms=3000 delivery.timeout.ms=10000 bootstrap=localhost:39092,localhost:39093,localhost:39094
[produce] phase=G-two-down-warm acked=690 failed=1310 elapsed=35270ms ack-latency p50=4010.4ms p99=10000.1ms max=10027.7ms
[produce]   last-ack-epoch-ms=1791419229438
[produce]   error x30  TimeoutException: Expiring 30 record(s) for stage1-gate-6:10001 ms has passed since batch creation
[produce]   error x19  TimeoutException: Expiring 19 record(s) for stage1-gate-2:10000 ms has passed since batch creation
[produce]   error x45  TimeoutException: Expiring 45 record(s) for stage1-gate-8:10001 ms has passed since batch creation
[produce]   error x28  TimeoutException: Expiring 28 record(s) for stage1-gate-11:10000 ms has passed since batch creation
[produce]   error x1  TimeoutException: Expiring 1 record(s) for stage1-gate-1:10000 ms has passed since batch creation
[produce]   error x4  TimeoutException: Expiring 4 record(s) for stage1-gate-1:10000 ms has passed since batch creation
[produce]   error x1  TimeoutException: Expiring 1 record(s) for stage1-gate-8:10000 ms has passed since batch creation
[produce]   error x1  TimeoutException: Expiring 1 record(s) for stage1-gate-7:10000 ms has passed since batch creation
[produce]   error x13  TimeoutException: Expiring 13 record(s) for stage1-gate-2:10000 ms has passed since batch creation
[produce]   error x45  TimeoutException: Expiring 45 record(s) for stage1-gate-2:10002 ms has passed since batch creation
[produce]   error x3  TimeoutException: Expiring 1 record(s) for stage1-gate-3:10000 ms has passed since batch creation
[produce]   error x30  TimeoutException: Expiring 30 record(s) for stage1-gate-7:10007 ms has passed since batch creation
[produce]   error x111  TimeoutException: Expiring 111 record(s) for stage1-gate-5:10000 ms has passed since batch creation
[produce]   error x35  TimeoutException: Expiring 35 record(s) for stage1-gate-5:10000 ms has passed since batch creation
[produce]   error x14  TimeoutException: Expiring 14 record(s) for stage1-gate-9:10000 ms has passed since batch creation
[produce]   error x1  TimeoutException: Expiring 1 record(s) for stage1-gate-5:10000 ms has passed since batch creation
[produce]   error x50  TimeoutException: Expiring 50 record(s) for stage1-gate-0:10022 ms has passed since batch creation
[produce]   error x1  TimeoutException: Expiring 1 record(s) for stage1-gate-0:10003 ms has passed since batch creation
[produce]   error x1  TimeoutException: Expiring 1 record(s) for stage1-gate-9:10001 ms has passed since batch creation
[produce]   error x94  TimeoutException: Expiring 94 record(s) for stage1-gate-6:10000 ms has passed since batch creation
[produce]   error x95  TimeoutException: Expiring 95 record(s) for stage1-gate-7:10000 ms has passed since batch creation
[produce]   error x96  TimeoutException: Expiring 96 record(s) for stage1-gate-11:10000 ms has passed since batch creation
[produce]   error x16  TimeoutException: Expiring 16 record(s) for stage1-gate-1:10001 ms has passed since batch creation
[produce]   error x1  TimeoutException: Expiring 1 record(s) for stage1-gate-8:10001 ms has passed since batch creation
[produce]   error x17  TimeoutException: Expiring 17 record(s) for stage1-gate-10:10000 ms has passed since batch creation
[produce]   error x14  TimeoutException: Expiring 14 record(s) for stage1-gate-8:10000 ms has passed since batch creation
[produce]   error x19  TimeoutException: Expiring 19 record(s) for stage1-gate-8:10000 ms has passed since batch creation
[produce]   error x1  TimeoutException: Expiring 1 record(s) for stage1-gate-2:10001 ms has passed since batch creation
[produce]   error x13  TimeoutException: Expiring 13 record(s) for stage1-gate-10:10000 ms has passed since batch creation
[produce]   error x155  TimeoutException: Expiring 155 record(s) for stage1-gate-0:10000 ms has passed since batch creation
[produce]   error x91  TimeoutException: Expiring 91 record(s) for stage1-gate-3:10000 ms has passed since batch creation
[produce]   error x30  TimeoutException: Expiring 30 record(s) for stage1-gate-4:10000 ms has passed since batch creation
[produce]   error x28  TimeoutException: Expiring 28 record(s) for stage1-gate-10:10000 ms has passed since batch creation
[produce]   error x36  TimeoutException: Expiring 36 record(s) for stage1-gate-3:10000 ms has passed since batch creation
[produce]   error x28  TimeoutException: Expiring 28 record(s) for stage1-gate-3:10000 ms has passed since batch creation
[produce]   error x1  TimeoutException: Expiring 1 record(s) for stage1-gate-3:10001 ms has passed since batch creation
[produce]   error x94  TimeoutException: Expiring 94 record(s) for stage1-gate-4:10000 ms has passed since batch creation
[produce]   error x48  TimeoutException: Expiring 48 record(s) for stage1-gate-9:10000 ms has passed since batch creation
[produce] phase=G-two-down-warm expect=any -> PASS
kafka-3 exited at epoch-ms=1791419229538 (docker State.FinishedAt)
last ack -100ms relative to kafka-3 exit (allow <= +1000ms for in-flight responses), failed=1310
  -> PASS: only 1 replica alive -> nothing acked after the kill, sends fail within delivery.timeout

=== 17:27:38 7b. cold idempotent producer while quorum is lost (bounded by app-side deadline) ===
[produce] phase=H-two-down-cold topic=stage1-gate count=20 rate=max expect=all-failed acks=all idempotence=true retries=2147483647 request.timeout.ms=3000 delivery.timeout.ms=10000 bootstrap=localhost:39092,localhost:39093,localhost:39094
[produce] phase=H-two-down-cold acked=0 failed=20 elapsed=13615ms ack-latency p50=10002.1ms p99=10565.6ms max=10565.6ms
[produce]   error x2  TimeoutException: Expiring 2 record(s) for stage1-gate-4:10002 ms has passed since batch creation
[produce]   error x2  TimeoutException: Expiring 2 record(s) for stage1-gate-2:10001 ms has passed since batch creation
[produce]   error x3  TimeoutException: Expiring 3 record(s) for stage1-gate-11:10002 ms has passed since batch creation
[produce]   error x2  TimeoutException: Expiring 2 record(s) for stage1-gate-7:10002 ms has passed since batch creation
[produce]   error x3  TimeoutException: Expiring 3 record(s) for stage1-gate-0:10002 ms has passed since batch creation
[produce]   error x1  TimeoutException: Expiring 1 record(s) for stage1-gate-6:10001 ms has passed since batch creation
[produce]   error x3  TimeoutException: Expiring 3 record(s) for stage1-gate-3:10002 ms has passed since batch creation
[produce]   error x1  TimeoutException: Expiring 1 record(s) for stage1-gate-8:10002 ms has passed since batch creation
[produce]   error x2  TimeoutException: Expiring 2 record(s) for stage1-gate-5:10002 ms has passed since batch creation
[produce]   error x1  TimeoutException: Expiring 1 record(s) for stage1-gate-9:10002 ms has passed since batch creation
[produce] phase=H-two-down-cold expect=all-failed -> PASS
  -> PASS: cold producer: no write acked (app deadline 15s enforces the bound)

=== 17:27:52 8. restart kafka-2 and kafka-3, wait for full ISR ===
 Container rp1-kafka-3-1  Starting
 Container rp1-kafka-2-1  Starting
 Container rp1-kafka-3-1  Started
 Container rp1-kafka-2-1  Started
full ISR after ~2s
  -> PASS: all stage1-gate partitions back to ISR=3

=== 17:28:20 9. verify log against ledgers ===
[verify] topic=stage1-gate run=20261007T172201 ledger: acked=8740 failed=1335 | log: distinct=9065 duplicate-ids=0
[verify] acked-but-missing (LOSS)=0   failed-but-present (ambiguous failure, retry would duplicate)=325
[verify] zero loss of acked writes -> PASS
  -> PASS: zero loss: every acked id is in the log

=== 17:28:21 summary ===
PASS  callback-events      12p RF3 minISR2 unclean=false, all ISR=3
PASS  callback-events-dlt   3p RF3 minISR2 unclean=false, all ISR=3
PASS  invalid-events        3p RF3 minISR2 unclean=false, all ISR=3
PASS  stage1-gate          12p RF3 minISR2 unclean=false, all ISR=3
PASS  broker defaults on all 3 brokers
PASS  baseline all acked
PASS  300ms latency toxic shows up in ack latency
PASS  all proxies disabled -> every send fails (no bypass path)
PASS  broker killed mid-run: every acks=all send still acked
PASS  kafka-2 fenced: no partition led by it, removed from every ISR
PASS  degraded cluster (2/3) still accepts acks=all
PASS  acks=all rejected with NotEnoughReplicas when ISR < min ISR
PASS  only 1 replica alive -> nothing acked after the kill, sends fail within delivery.timeout
PASS  cold producer: no write acked (app deadline 15s enforces the bound)
PASS  all stage1-gate partitions back to ISR=3
PASS  zero loss: every acked id is in the log
passed=16 failed=0  log=/Users/asudheer/Documents/Programming/Resume Points 10-2026/rp1-async-ingestion/docs/results/stage1/20261007T172201/gate.log
